регулярного сезона каждая из команд проводит 82 матча, по результатам которых отбираются участники плей-офф. В плей-
офф команды играют по олимпийской системе, до 4 побед в своей конференции. Два чемпиона конференций встречаются