Национальная баскетбольная ассоциация, НБА (англ. National Basketball Association, NBA) — мужская
профессиональная баскетбольная лига Северной Америки, в частности, США и Канады. Входит в четвёрку главных