профессиональных спортивных лиг Северной Америки, наряду с НХЛ, МЛБ и НФЛ. Была основана в 1946 году как
Баскетбольная ассоциация Америки и, соединившись с Национальной баскетбольной лигой, была переименована в