С 2004 года в состав Ассоциации входят 30 команд, которые по географическому признаку разделены на Восточную и
Западную конференции, а каждая из конференций, в свою очередь, разделена на три дивизиона по пять команд. В течение