The NBA's revenue in 2010 was $3.8 billion, and, with expenses of just over $3.6 billion,
The operating profit for the year was $ 183 million, and the profitability indicator was 4.8%. The average
