professional sports leagues in North America, along with the NHL, MLB and NFL. It was founded in 1946 as
The Basketball Association of America and, having merged with the National Basketball League, was renamed to
