the regular season, each of the teams holds 82 matches, according to the results of which the participants of the playoffs are selected. In
the playoffs, teams play according to the Olympic system, up to 4 wins in their conference. Two conference champions meet
