d.

The NBA's revenue in 2010 was $3.8 billion, and, with expenses of just over $3.6 billion,
The operating profit for the year was $ 183 m