Америки, в частности, США и Канады. Входит в четвёрку главных
профессиональных спортивных лиг Северной Америки, наряду с НХЛ, МЛБ и НФЛ. Была о