83 миллиона долларов, а показатель рентабельности — 4,8 %. Средняя
зарплата игроков в 2010 году составила 4,8 миллиона долларов в год — больше,