er sports league in
the world. The central office of the NBA is located on the 19th floor of the Olympic Tower on Fifth Avenue in New York.
