wins in their conference. Two conference champions meet
each other in the main final, where the winner of the title of NBA champion is deter