снована в 1946 году как
Баскетбольная ассоциация Америки и, соединившись с Национальной баскетбольной лигой, была переименована в
Национальную