The National Basketball Association (NBA) is a men
's professional basketball league in North America, in particular, the USA and Canada. It 