nce 2004, the Association consists of 30 teams, which are geographically divided into Eastern and
The Western Conference, and each of the co