ms play according to the Olympic system, up to 4 wins in their conference. Two conference champions 