e divisions of five teams. During
the regular season, each of the teams holds 82 matches, according 