th America, along with the NHL, MLB and NFL. It was founded in 1946 as
The Basketball Association of