Национальная баскетбольная ассоциация, НБА (англ. National Basketball Association, NBA) — мужская
п