or the year was $ 183 million, and the profitability indicator was 4.8%. The average
salary of playe