 into Eastern and
The Western Conference, and each of the conferences, in turn, is divided into thre