ketball Association.

Since 2004, the Association consists of 30 teams, which are geographically d