rs in 2010 was $ 4.8 million per year - more than in any other sports league in
the world. The centr