to the results of which the participants of the playoffs are selected. In
the playoffs, teams play a