46 году как
Баскетбольная ассоциация Америки и, соединившись с Национальной баскетбольной лигой, бы