a, in particular, the USA and Canada. It is one of the four major
professional sports leagues in Nor