А.

Доход НБА в 2010 году составил 3,8 миллиарда долларов, и, при расходах чуть более 3,6 миллиард